// Jest Snapshot v1, https://goo.gl/fbAQLP

exports[`renders correctly 1`] = `
<div
  className="screen-frame"
>
  <span>
    0
  </span>
</div>
`;
